0000 0000	0	0	0010 1111 0010 1111 0010 1111 0010 1111	0000 0000 0000 0000 0000 0000 0000 0000
0000 0001	0	0	1101 1110 1010 1101 1011 1110 1110 1111	0000 0000 0000 0000 0000 0000 0000 0000
0000 0010	1	0	1000 0000 0000 0000 0000 0000 0000 0000	0000 0000 0000 0000 0000 0000 0000 0000
0000 0011	0	1	0000 0000 0000 0000 0000 0000 0000 0000	0000 0000 0000 0000 0000 0000 0000 0000
