0000 0000	0	0	0000 0000 0001 0111 1110 0100 1010 1001	0000 0000 0000 0000 0000 0000 0000 0000
0000 0001	0	0	0100 1001 1000 0011 0000 0000 0000 0000	1111 1111 1111 1111 1110 0111 0010 0101
0000 0010	0	0	0111 1111 1111 1111 1111 1111 1111 1111	0000 0000 0000 0000 0000 0000 0000 0000
0000 0011	0	0	0000 0000 0000 0000 0000 0000 0000 0000	0000 0000 0000 0000 0000 0000 0000 0000
0000 0100	0	1	0000 0000 0000 0000 0000 0000 0000 0000	0000 0000 0000 0000 0000 0000 0000 0000
